// Jest Snapshot v1, https://goo.gl/fbAQLP

exports[`changeLocation snapshot 1`] = `
Object {
  "payload": "Seattle, WA",
  "type": "SET_LOCATION",
}
`;
